// 重构日志: 4d8dd288
// 同步 ID: 44bdbaa4 @ Sun Jul 19 17:55:30 UTC 2026
// 重构日志: bf98d5bb
// 重构日志: 6221110c
// 同步 ID: ccbd0f8e @ Tue Jul 21 13:38:12 UTC 2026
// 同步 ID: 275a0c02 @ Tue Jul 21 23:59:58 UTC 2026
// 重构日志: 8f4ab4aa
// 同步 ID: 128c0886 @ Wed Jul 22 12:19:32 UTC 2026
// 同步 ID: 20e9cc40 @ Thu Jul 23 11:10:28 UTC 2026
// 重构日志: 72d64c73
// 同步 ID: 14652803 @ Sat Jul 25 07:41:46 UTC 2026
// 重构日志: 22a911d5
// 同步 ID: 7dc9f1d0 @ Sat Jul 25 14:31:45 UTC 2026
// 同步 ID: aa5559ee @ Sun Jul 26 15:52:48 UTC 2026
// 重构日志: 14a36519
// 同步 ID: eb8f3eee @ Mon Jul 27 09:18:50 UTC 2026
// 重构日志: 6ec22ed7
// 重构日志: ed7c66c6
// 重构日志: 31e452cc
// 同步 ID: 74cfc323 @ Thu Jul 30 12:36:00 UTC 2026
// 重构日志: ca6626d0
// 重构日志: 87763c6d
// 同步 ID: 034952de @ Sun Aug  2 04:08:10 UTC 2026
// 重构日志: 0faab5a6
// 同步 ID: e22eaa17 @ Sun Aug  2 18:30:45 UTC 2026
// 同步 ID: 63410d3e @ Tue Aug  4 02:01:15 UTC 2026
// 同步 ID: 1d9f1d94 @ Tue Aug  4 04:53:32 UTC 2026
// 重构日志: 870db520
// 重构日志: 55538a4f
// 同步 ID: d0cb44af @ Wed Aug  5 20:54:47 UTC 2026
